[0;32m[20:52:57][0m =========================================================
[0;32m[20:52:57][0m  BATERIA SCHEDULER — kernel: 7.0.0-rc1+
[0;32m[20:52:57][0m  Runs por teste: 100
[0;32m[20:52:57][0m  Output: ./i9/push_nosmt
[0;32m[20:52:57][0m  P-cores lógicos: [0,2,4,6,8,10,12,14]  (8 físicos)
[0;32m[20:52:57][0m  E-cores: [16,17,18,19,20,21,22,23,24,25,26,27,28,29,30,31]
[0;32m[20:52:57][0m  Total CPUs: 32
[0;32m[20:52:57][0m =========================================================
[0;32m[20:52:57][0m === FASE 0: PREFLIGHT ===
[0;32m[20:52:57][0m Topologia detectada: P-cores=[0,2,4,6,8,10,12,14] E-cores=[16,17,18,19,20,21,22,23,24,25,26,27,28,29,30,31]
[0;32m[20:52:57][0m CPU: Intel(R) Core(TM) i9-14900HX
[0;32m[20:52:57][0m Prioridades ITMT:
[0;32m[20:52:58][0m Fixando CPU governor em 'performance'...
[0;32m[20:52:58][0m Governor: powersave → performance
[0;32m[20:52:58][0m Intel turbo: desativado
[0;32m[20:52:58][0m Aquecimento (5s)...
[0;32m[20:53:03][0m Preflight concluído.
[0;32m[20:53:03][0m === FASE 1: PLACEMENT ===
[0;32m[20:53:03][0m   cls2: rand48  |  cls1: div16
[0;32m[20:53:03][0m   P-cores físicos: 8  |  Total CPUs: 32
[0;32m[20:53:03][0m   placement runs = 200 (2× --runs)
[0;32m[20:53:03][0m   [placement] relaxed: 8 cls2(rand48) + 8 cls1(div16) × 200 runs
[0;32m[22:33:12][0m   [placement] relaxed: 200 runs → ./i9/push_nosmt/placement/relaxed/
[0;32m[22:33:12][0m   [placement] contention: 8 cls2(rand48) + 24 cls1(div16) × 200 runs
[0;32m[00:13:24][0m   [placement] contention: 200 runs → ./i9/push_nosmt/placement/contention/
[0;32m[00:13:24][0m Fase 1 concluída → ./i9/push_nosmt/placement/
[0;32m[00:13:24][0m === FASE 2: LATÊNCIA ===
[0;32m[00:13:24][0m   [schbench] baseline — 4 workers, sem contention (run 1)
[0;32m[01:02:10][0m   [schbench] baseline: ./i9/push_nosmt/latency/schbench_baseline/percentiles.csv
[0;32m[01:02:10][0m Fase 2 concluída → ./i9/push_nosmt/latency/
[0;32m[01:02:10][0m === FASE 3: THROUGHPUT ===
[0;32m[01:02:10][0m   cls2: rand48  |  cls1: div16
[0;32m[01:02:10][0m   P-cores físicos: 8  |  Total CPUs: 32
[0;32m[01:02:10][0m   [throughput] c2_alone: 8 cls2 + 0 cls1, 12s
[0;32m[01:22:12][0m   [throughput] c2_alone → ./i9/push_nosmt/throughput/c2_alone/
[0;32m[01:22:12][0m   [throughput] c2_contention: 8 cls2 + 24 cls1, 12s
[0;32m[01:47:13][0m   [throughput] c2_contention → ./i9/push_nosmt/throughput/c2_contention/
[0;32m[01:47:13][0m Fase 3 concluída → ./i9/push_nosmt/throughput/
[0;32m[01:47:13][0m === RELATÓRIO ===
[0;32m[01:47:13][0m Relatório: ./i9/push_nosmt/report.txt
[0;32m[01:47:13][0m =========================================================
[0;32m[01:47:13][0m  BATERIA CONCLUÍDA — resultados em: ./i9/push_nosmt
[0;32m[01:47:13][0m =========================================================
[0;32m[01:47:13][0m Restaurando governor → powersave
[0;32m[01:47:13][0m Intel turbo restaurado.
