[0;32m[10:32:53][0m =========================================================
[0;32m[10:32:53][0m  BATERIA SCHEDULER — kernel: 7.0.0-rc1+
[0;32m[10:32:53][0m  Runs por teste: 100
[0;32m[10:32:53][0m  Output: orig_smt
[0;32m[10:32:53][0m  P-cores lógicos: [0,1,2,3,4,5,6,7,8,9,10,11,12,13,14,15]  (8 físicos)
[0;32m[10:32:53][0m  E-cores: [16,17,18,19,20,21,22,23,24,25,26,27,28,29,30,31]
[0;32m[10:32:53][0m  Total CPUs: 32
[0;32m[10:32:53][0m =========================================================
[0;32m[10:32:53][0m === FASE 0: PREFLIGHT ===
[0;32m[10:32:53][0m Topologia detectada: P-cores=[0,1,2,3,4,5,6,7,8,9,10,11,12,13,14,15] E-cores=[16,17,18,19,20,21,22,23,24,25,26,27,28,29,30,31]
[0;32m[10:32:53][0m CPU: Intel(R) Core(TM) i9-14900HX
[0;32m[10:32:53][0m Prioridades ITMT:
[0;32m[10:32:55][0m Fixando CPU governor em 'performance'...
[0;32m[10:32:55][0m Governor: powersave → performance
[0;32m[10:32:55][0m Intel turbo: desativado
[0;32m[10:32:55][0m Aquecimento (5s)...
[0;32m[10:33:00][0m Preflight concluído.
[0;32m[10:33:00][0m === FASE 1: PLACEMENT ===
[0;32m[10:33:00][0m   cls2: rand48  |  cls1: div16
[0;32m[10:33:00][0m   P-cores físicos: 8  |  Total CPUs: 32
[0;32m[10:33:00][0m   placement runs = 200 (2× --runs)
[0;32m[10:33:00][0m   [placement] relaxed: 8 cls2(rand48) + 8 cls1(div16) × 200 runs
[0;32m[11:50:36][0m Restaurando governor → powersave
[0;32m[11:50:36][0m Intel turbo restaurado.
[0;32m[16:13:31][0m =========================================================
[0;32m[16:13:31][0m  BATERIA SCHEDULER — kernel: 7.0.0-rc1+
[0;32m[16:13:31][0m  Runs por teste: 100
[0;32m[16:13:31][0m  Output: orig_smt
[0;32m[16:13:31][0m  P-cores lógicos: [0,1,2,3,4,5,6,7,8,9,10,11,12,13,14,15]  (8 físicos)
[0;32m[16:13:31][0m  E-cores: [16,17,18,19,20,21,22,23,24,25,26,27,28,29,30,31]
[0;32m[16:13:31][0m  Total CPUs: 32
[0;32m[16:13:31][0m =========================================================
[0;32m[16:13:31][0m === FASE 0: PREFLIGHT ===
[0;32m[16:13:31][0m Topologia detectada: P-cores=[0,1,2,3,4,5,6,7,8,9,10,11,12,13,14,15] E-cores=[16,17,18,19,20,21,22,23,24,25,26,27,28,29,30,31]
[0;32m[16:13:31][0m CPU: Intel(R) Core(TM) i9-14900HX
[0;32m[16:13:31][0m Prioridades ITMT:
[0;32m[16:13:33][0m Fixando CPU governor em 'performance'...
[0;32m[16:13:33][0m Governor: powersave → performance
[0;32m[16:13:33][0m Intel turbo: desativado
[0;32m[16:13:33][0m Aquecimento (5s)...
[0;32m[16:13:38][0m Preflight concluído.
[0;32m[16:13:38][0m === FASE 1: PLACEMENT ===
[0;32m[16:13:38][0m   cls2: rand48  |  cls1: div16
[0;32m[16:13:38][0m   P-cores físicos: 8  |  Total CPUs: 32
[0;32m[16:13:38][0m   placement runs = 200 (2× --runs)
[0;32m[16:13:38][0m   [placement] relaxed — resumindo do run 155
[0;32m[16:13:38][0m   [placement] relaxed: 8 cls2(rand48) + 8 cls1(div16) × 200 runs
[0;32m[16:14:08][0m Restaurando governor → powersave
[0;32m[16:14:08][0m Intel turbo restaurado.
[0;32m[16:14:17][0m =========================================================
[0;32m[16:14:17][0m  BATERIA SCHEDULER — kernel: 7.0.0-rc1+
[0;32m[16:14:17][0m  Runs por teste: 100
[0;32m[16:14:17][0m  Output: orig_smt
[0;32m[16:14:17][0m  P-cores lógicos: [0,1,2,3,4,5,6,7,8,9,10,11,12,13,14,15]  (8 físicos)
[0;32m[16:14:17][0m  E-cores: [16,17,18,19,20,21,22,23,24,25,26,27,28,29,30,31]
[0;32m[16:14:17][0m  Total CPUs: 32
[0;32m[16:14:17][0m =========================================================
[0;32m[16:14:17][0m === FASE 0: PREFLIGHT ===
[0;32m[16:14:17][0m Topologia detectada: P-cores=[0,1,2,3,4,5,6,7,8,9,10,11,12,13,14,15] E-cores=[16,17,18,19,20,21,22,23,24,25,26,27,28,29,30,31]
[0;32m[16:14:17][0m CPU: Intel(R) Core(TM) i9-14900HX
[0;32m[16:14:17][0m Prioridades ITMT:
[0;32m[16:14:19][0m Fixando CPU governor em 'performance'...
[0;32m[16:14:19][0m Governor: performance → performance
[0;32m[16:14:19][0m Intel turbo: desativado
[0;32m[16:14:19][0m Aquecimento (5s)...
[0;32m[16:14:24][0m Preflight concluído.
[0;32m[16:14:24][0m === FASE 1: PLACEMENT ===
[0;32m[16:14:24][0m   cls2: rand48  |  cls1: div16
[0;32m[16:14:24][0m   P-cores físicos: 8  |  Total CPUs: 32
[0;32m[16:14:24][0m   placement runs = 200 (2× --runs)
[0;32m[16:14:24][0m   [placement] relaxed — resumindo do run 155
[0;32m[16:14:24][0m   [placement] relaxed: 8 cls2(rand48) + 8 cls1(div16) × 200 runs
[0;32m[16:37:26][0m   [placement] relaxed: 200 runs → orig_smt/placement/relaxed/
[0;32m[16:37:26][0m   [placement] contention: 8 cls2(rand48) + 24 cls1(div16) × 200 runs
[0;32m[18:17:40][0m   [placement] contention: 200 runs → orig_smt/placement/contention/
[0;32m[18:17:40][0m Fase 1 concluída → orig_smt/placement/
[0;32m[18:17:40][0m === FASE 2: LATÊNCIA ===
[0;32m[18:17:40][0m   [schbench] baseline — 4 workers, sem contention (run 1)
[0;32m[18:42:42][0m   [schbench] baseline: orig_smt/latency/schbench_baseline/percentiles.csv
[0;32m[18:42:42][0m Fase 2 concluída → orig_smt/latency/
[0;32m[18:42:42][0m === FASE 3: THROUGHPUT ===
[0;32m[18:42:42][0m   cls2: rand48  |  cls1: div16
[0;32m[18:42:42][0m   P-cores físicos: 8  |  Total CPUs: 32
[0;32m[18:42:42][0m   [throughput] c2_alone: 8 cls2 + 0 cls1, 12s
[0;32m[19:02:44][0m   [throughput] c2_alone → orig_smt/throughput/c2_alone/
[0;32m[19:02:44][0m   [throughput] c2_contention: 8 cls2 + 24 cls1, 12s
[0;32m[19:27:46][0m   [throughput] c2_contention → orig_smt/throughput/c2_contention/
[0;32m[19:27:46][0m Fase 3 concluída → orig_smt/throughput/
[0;32m[19:27:46][0m === RELATÓRIO ===
[0;32m[19:27:46][0m Relatório: orig_smt/report.txt
[0;32m[19:27:46][0m =========================================================
[0;32m[19:27:46][0m  BATERIA CONCLUÍDA — resultados em: orig_smt
[0;32m[19:27:46][0m =========================================================
[0;32m[19:27:46][0m Restaurando governor → performance
[0;32m[19:27:46][0m Intel turbo restaurado.
[0;32m[10:42:15][0m =========================================================
[0;32m[10:42:15][0m  BATERIA SCHEDULER — kernel: 7.0.0-rc1+
[0;32m[10:42:15][0m  Runs por teste: 100
[0;32m[10:42:15][0m  Output: orig_smt
[0;32m[10:42:15][0m  P-cores lógicos: [0,1,2,3,4,5,6,7,8,9,10,11,12,13,14,15]  (8 físicos)
[0;32m[10:42:15][0m  E-cores: [16,17,18,19,20,21,22,23,24,25,26,27,28,29,30,31]
[0;32m[10:42:15][0m  Total CPUs: 32
[0;32m[10:42:15][0m =========================================================
[0;32m[10:42:15][0m === FASE 0: PREFLIGHT ===
[0;32m[10:42:15][0m Topologia detectada: P-cores=[0,1,2,3,4,5,6,7,8,9,10,11,12,13,14,15] E-cores=[16,17,18,19,20,21,22,23,24,25,26,27,28,29,30,31]
[0;32m[10:42:15][0m CPU: Intel(R) Core(TM) i9-14900HX
[0;32m[10:42:15][0m Prioridades ITMT:
[0;32m[10:42:17][0m Fixando CPU governor em 'performance'...
[0;32m[10:42:17][0m Governor: powersave → performance
[0;32m[10:42:17][0m Intel turbo: desativado
[0;32m[10:42:17][0m Aquecimento (5s)...
[0;32m[10:42:22][0m Preflight concluído.
[0;32m[10:42:22][0m === FASE 1: PLACEMENT ===
[0;32m[10:42:22][0m   cls2: rand48  |  cls1: div16
[0;32m[10:42:22][0m   P-cores físicos: 8  |  Total CPUs: 32
[0;32m[10:42:22][0m   placement runs = 200 (2× --runs)
[0;32m[10:42:22][0m   [placement] relaxed — já completo (200 runs), pulando
[0;32m[10:42:22][0m   [placement] contention — já completo (200 runs), pulando
[0;32m[10:42:22][0m Fase 1 concluída → orig_smt/placement/
[0;32m[10:42:22][0m === FASE 2: LATÊNCIA ===
[0;32m[10:42:22][0m   [schbench] baseline — já completo, pulando
[0;32m[10:42:22][0m Fase 2 concluída → orig_smt/latency/
[0;32m[10:42:22][0m === FASE 3: THROUGHPUT ===
[0;32m[10:42:22][0m   cls2: rand48  |  cls1: div16
[0;32m[10:42:22][0m   P-cores físicos: 8  |  Total CPUs: 32
[0;32m[10:42:22][0m   [throughput] c2_alone — já completo, pulando
[0;32m[10:42:22][0m   [throughput] c2_contention — já completo, pulando
[0;32m[10:42:22][0m Fase 3 concluída → orig_smt/throughput/
[0;32m[10:42:22][0m === RELATÓRIO ===
[0;32m[10:42:22][0m Relatório: orig_smt/report.txt
[0;32m[10:42:22][0m =========================================================
[0;32m[10:42:22][0m  BATERIA CONCLUÍDA — resultados em: orig_smt
[0;32m[10:42:22][0m =========================================================
[0;32m[10:42:22][0m Restaurando governor → powersave
[0;32m[10:42:22][0m Intel turbo restaurado.
