[0;32m[16:29:39][0m =========================================================
[0;32m[16:29:39][0m  BATERIA SCHEDULER — kernel: 7.0.0-rc1+
[0;32m[16:29:39][0m  Runs por teste: 50
[0;32m[16:29:39][0m  Output: ./results/7.0.0-rc1+
[0;32m[16:29:39][0m  P-cores: [0,1,2,3,4,5,6,7,8,9,10,11,12,13,14,15]  E-cores: [16,17,18,19,20,21,22,23,24,25,26,27,28,29,30,31]
[0;32m[16:29:39][0m =========================================================
[0;32m[16:29:39][0m === FASE 0: PREFLIGHT ===
[0;32m[16:29:39][0m Topologia detectada: P-cores=[0,1,2,3,4,5,6,7,8,9,10,11,12,13,14,15] E-cores=[16,17,18,19,20,21,22,23,24,25,26,27,28,29,30,31]
[0;32m[16:29:39][0m CPU detectada: Intel(R) Core(TM) i9-14900HX
[0;32m[16:29:40][0m Verificando topologia híbrida...
[0;32m[16:29:40][0m Prioridades ITMT:
[0;32m[16:29:42][0m Fixando CPU governor em 'performance' para isolamento...
[0;32m[16:29:42][0m Governor: powersave → performance
[0;32m[16:29:42][0m Intel turbo: DESATIVADO para isolamento (restaurado ao final)
[0;32m[16:29:42][0m Aquecimento do sistema (5s)...
[0;32m[16:29:47][0m Preflight concluído. Sistema isolado e pronto.
[0;32m[16:29:47][0m === FASE 1: PLACEMENT ===
[0;32m[16:29:47][0m   cls2: rand48  |  cls1: div16
[0;32m[16:29:47][0m   placement runs = 100 (2× --runs)
[0;32m[16:29:47][0m   [placement] relaxed: 8 cls2(rand48) + 8 cls1(div16) × 100 runs
[0;32m[16:30:42][0m Restaurando governor: performance → powersave
[0;32m[16:30:42][0m Intel turbo restaurado.
[0;32m[16:36:50][0m =========================================================
[0;32m[16:36:50][0m  BATERIA SCHEDULER — kernel: 7.0.0-rc1+
[0;32m[16:36:50][0m  Runs por teste: 50
[0;32m[16:36:50][0m  Output: ./results/7.0.0-rc1+
[0;32m[16:36:50][0m  P-cores: [0,1,2,3,4,5,6,7,8,9,10,11,12,13,14,15]  E-cores: [16,17,18,19,20,21,22,23,24,25,26,27,28,29,30,31]
[0;32m[16:36:50][0m =========================================================
[0;32m[16:36:50][0m === FASE 0: PREFLIGHT ===
[0;32m[16:36:50][0m Topologia detectada: P-cores=[0,1,2,3,4,5,6,7,8,9,10,11,12,13,14,15] E-cores=[16,17,18,19,20,21,22,23,24,25,26,27,28,29,30,31]
[0;32m[16:36:50][0m CPU detectada: Intel(R) Core(TM) i9-14900HX
[0;32m[16:36:50][0m Verificando topologia híbrida...
[0;32m[16:36:50][0m Prioridades ITMT:
[0;32m[16:36:52][0m Fixando CPU governor em 'performance' para isolamento...
[0;32m[16:36:52][0m Governor: powersave → performance
[0;32m[16:36:52][0m Intel turbo: DESATIVADO para isolamento (restaurado ao final)
[0;32m[16:36:52][0m Aquecimento do sistema (5s)...
[0;32m[16:36:57][0m Preflight concluído. Sistema isolado e pronto.
[0;32m[16:36:57][0m === FASE 1: PLACEMENT ===
[0;32m[16:36:57][0m   cls2: rand48  |  cls1: div16
[0;32m[16:36:57][0m   placement runs = 100 (2× --runs)
[0;32m[16:36:57][0m   [placement] relaxed — resumindo do run 2
[0;32m[16:36:57][0m   [placement] relaxed: 8 cls2(rand48) + 8 cls1(div16) × 100 runs
[0;32m[17:26:32][0m   [placement] relaxed: 100 runs → ./results/7.0.0-rc1+/placement/relaxed/
[0;32m[17:26:32][0m   [placement] contention: 8 cls2(rand48) + 24 cls1(div16) × 100 runs
[0;32m[18:16:38][0m   [placement] contention: 100 runs → ./results/7.0.0-rc1+/placement/contention/
[0;32m[18:16:38][0m Fase 1 concluída → ./results/7.0.0-rc1+/placement/
[0;32m[18:16:38][0m   [skip] latency
[0;32m[18:16:38][0m === FASE 3: THROUGHPUT + ENERGIA ===
[0;32m[18:16:38][0m   cls2: rand48  |  cls1: div16
[0;32m[18:16:38][0m   [throughput] c2_alone: 8 cls2 + 0 cls1, 12s
[0;32m[18:26:40][0m   [throughput] c2_alone → ./results/7.0.0-rc1+/throughput/c2_alone/
[0;32m[18:26:40][0m   [throughput] c2_bg24: 8 cls2 + 24 cls1, 12s
[0;32m[18:39:12][0m   [throughput] c2_bg24 → ./results/7.0.0-rc1+/throughput/c2_bg24/
[0;32m[18:39:12][0m Fase 3 concluída → ./results/7.0.0-rc1+/throughput/
[0;32m[18:39:12][0m   [skip] report
[0;32m[18:39:12][0m =========================================================
[0;32m[18:39:12][0m  BATERIA CONCLUÍDA — resultados em: ./results/7.0.0-rc1+
[0;32m[18:39:12][0m =========================================================
[0;32m[18:39:12][0m Restaurando governor: performance → powersave
[0;32m[18:39:12][0m Intel turbo restaurado.
[0;32m[09:34:33][0m =========================================================
[0;32m[09:34:33][0m  BATERIA SCHEDULER — kernel: 7.0.0-rc1+
[0;32m[09:34:33][0m  Runs por teste: 50
[0;32m[09:34:33][0m  Output: ./results/7.0.0-rc1+
[0;32m[09:34:33][0m  P-cores: [0,1,2,3,4,5,6,7,8,9,10,11,12,13,14,15]  E-cores: [16,17,18,19,20,21,22,23,24,25,26,27,28,29,30,31]
[0;32m[09:34:33][0m =========================================================
[0;32m[09:34:33][0m === FASE 0: PREFLIGHT ===
[0;32m[09:34:33][0m Topologia detectada: P-cores=[0,1,2,3,4,5,6,7,8,9,10,11,12,13,14,15] E-cores=[16,17,18,19,20,21,22,23,24,25,26,27,28,29,30,31]
[0;32m[09:34:33][0m CPU detectada: Intel(R) Core(TM) i9-14900HX
[0;32m[09:34:33][0m Verificando topologia híbrida...
[0;32m[09:34:33][0m Prioridades ITMT:
[0;32m[09:34:35][0m Fixando CPU governor em 'performance' para isolamento...
[0;32m[09:34:35][0m Governor: powersave → performance
[0;32m[09:34:35][0m Intel turbo: DESATIVADO para isolamento (restaurado ao final)
[0;32m[09:34:35][0m Aquecimento do sistema (5s)...
[0;32m[09:34:40][0m Preflight concluído. Sistema isolado e pronto.
[0;32m[09:34:40][0m === FASE 1: PLACEMENT ===
[0;32m[09:34:40][0m   cls2: rand48  |  cls1: div16
[0;32m[09:34:40][0m   placement runs = 100 (2× --runs)
[0;32m[09:34:40][0m   [placement] relaxed — já completo (100 runs), pulando
[0;32m[09:34:40][0m   [placement] contention — já completo (100 runs), pulando
[0;32m[09:34:40][0m Fase 1 concluída → ./results/7.0.0-rc1+/placement/
[0;32m[09:34:40][0m   [skip] latency
[0;32m[09:34:40][0m === FASE 3: THROUGHPUT + ENERGIA ===
[0;32m[09:34:40][0m   cls2: rand48  |  cls1: div16
[0;32m[09:34:40][0m   [throughput] c2_alone — já completo, pulando
[0;32m[09:34:40][0m   [throughput] c2_bg24 — já completo, pulando
[0;32m[09:34:40][0m Fase 3 concluída → ./results/7.0.0-rc1+/throughput/
[0;32m[09:34:40][0m   [skip] report
[0;32m[09:34:40][0m =========================================================
[0;32m[09:34:40][0m  BATERIA CONCLUÍDA — resultados em: ./results/7.0.0-rc1+
[0;32m[09:34:40][0m =========================================================
[0;32m[09:34:40][0m Restaurando governor: performance → powersave
[0;32m[09:34:40][0m Intel turbo restaurado.
