[0;32m[10:56:21][0m =========================================================
[0;32m[10:56:21][0m  BATERIA SCHEDULER — kernel: 7.0.0-rc1+
[0;32m[10:56:21][0m  Runs por teste: 100
[0;32m[10:56:21][0m  Output: orig_nosmt
[0;32m[10:56:21][0m  P-cores lógicos: [0,2,4,6,8,10,12,14]  (8 físicos)
[0;32m[10:56:21][0m  E-cores: [16,17,18,19,20,21,22,23,24,25,26,27,28,29,30,31]
[0;32m[10:56:21][0m  Total CPUs: 32
[0;32m[10:56:21][0m =========================================================
[0;32m[10:56:21][0m === FASE 0: PREFLIGHT ===
[0;32m[10:56:21][0m Topologia detectada: P-cores=[0,2,4,6,8,10,12,14] E-cores=[16,17,18,19,20,21,22,23,24,25,26,27,28,29,30,31]
[0;32m[10:56:21][0m CPU: Intel(R) Core(TM) i9-14900HX
[0;32m[10:56:21][0m Prioridades ITMT:
[0;32m[10:56:23][0m Fixando CPU governor em 'performance'...
[0;32m[10:56:23][0m Governor: powersave → performance
[0;32m[10:56:23][0m Intel turbo: desativado
[0;32m[10:56:23][0m Aquecimento (5s)...
[0;32m[10:56:28][0m Preflight concluído.
[0;32m[10:56:28][0m === FASE 1: PLACEMENT ===
[0;32m[10:56:28][0m   cls2: rand48  |  cls1: div16
[0;32m[10:56:28][0m   P-cores físicos: 8  |  Total CPUs: 32
[0;32m[10:56:28][0m   placement runs = 200 (2× --runs)
[0;32m[10:56:28][0m   [placement] relaxed: 8 cls2(rand48) + 8 cls1(div16) × 200 runs
[0;32m[12:36:36][0m   [placement] relaxed: 200 runs → orig_nosmt/placement/relaxed/
[0;32m[12:36:36][0m   [placement] contention: 8 cls2(rand48) + 24 cls1(div16) × 200 runs
[0;32m[14:16:49][0m   [placement] contention: 200 runs → orig_nosmt/placement/contention/
[0;32m[14:16:49][0m Fase 1 concluída → orig_nosmt/placement/
[0;32m[14:16:49][0m === FASE 2: LATÊNCIA ===
[0;32m[14:16:49][0m   [schbench] baseline — 4 workers, sem contention (run 1)
[0;32m[14:56:28][0m Restaurando governor → powersave
