[0;32m[17:24:49][0m =========================================================
[0;32m[17:24:49][0m  BATERIA SCHEDULER — kernel: 7.0.0-rc1+
[0;32m[17:24:49][0m  Runs por teste: 100
[0;32m[17:24:49][0m  Output: vanilla
[0;32m[17:24:49][0m  P-cores lógicos: [0,1,2,3,4,5,6,7,8,9,10,11,12,13,14,15]  (8 físicos)
[0;32m[17:24:49][0m  E-cores: [16,17,18,19,20,21,22,23,24,25,26,27,28,29,30,31]
[0;32m[17:24:49][0m  Total CPUs: 32
[0;32m[17:24:49][0m =========================================================
[0;32m[17:24:49][0m === FASE 0: PREFLIGHT ===
[0;32m[17:24:49][0m Topologia detectada: P-cores=[0,1,2,3,4,5,6,7,8,9,10,11,12,13,14,15] E-cores=[16,17,18,19,20,21,22,23,24,25,26,27,28,29,30,31]
[0;32m[17:24:49][0m CPU: Intel(R) Core(TM) i9-14900HX
[0;32m[17:24:49][0m Prioridades ITMT:
[0;32m[17:24:53][0m Fixando CPU governor em 'performance'...
[0;32m[17:24:53][0m Governor: powersave → performance
[0;32m[17:24:53][0m Intel turbo: desativado
[0;32m[17:24:53][0m Aquecimento (5s)...
[0;32m[17:24:58][0m Preflight concluído.
[0;32m[17:24:58][0m === FASE 1: PLACEMENT ===
[0;32m[17:24:58][0m   cls2: rand48  |  cls1: div16
[0;32m[17:24:58][0m   P-cores físicos: 8  |  Total CPUs: 32
[0;32m[17:24:58][0m   placement runs = 200 (2× --runs)
[0;32m[17:24:58][0m   [placement] relaxed: 8 cls2(rand48) + 8 cls1(div16) × 200 runs
[0;32m[17:27:11][0m Restaurando governor → powersave
[0;32m[17:27:12][0m Intel turbo restaurado.
[0;32m[17:27:16][0m =========================================================
[0;32m[17:27:16][0m  BATERIA SCHEDULER — kernel: 7.0.0-rc1+
[0;32m[17:27:16][0m  Runs por teste: 100
[0;32m[17:27:16][0m  Output: vanilla
[0;32m[17:27:16][0m  P-cores lógicos: [0,1,2,3,4,5,6,7,8,9,10,11,12,13,14,15]  (8 físicos)
[0;32m[17:27:16][0m  E-cores: [16,17,18,19,20,21,22,23,24,25,26,27,28,29,30,31]
[0;32m[17:27:16][0m  Total CPUs: 32
[0;32m[17:27:16][0m =========================================================
[0;32m[17:27:16][0m === FASE 0: PREFLIGHT ===
[0;32m[17:27:16][0m Topologia detectada: P-cores=[0,1,2,3,4,5,6,7,8,9,10,11,12,13,14,15] E-cores=[16,17,18,19,20,21,22,23,24,25,26,27,28,29,30,31]
[0;32m[17:27:16][0m CPU: Intel(R) Core(TM) i9-14900HX
[0;32m[17:27:16][0m Prioridades ITMT:
[0;32m[17:27:21][0m Fixando CPU governor em 'performance'...
[0;32m[17:27:21][0m Governor: performance → performance
[0;32m[17:27:21][0m Intel turbo: desativado
[0;32m[17:27:21][0m Aquecimento (5s)...
[0;32m[17:27:26][0m Preflight concluído.
[0;32m[17:27:26][0m === FASE 1: PLACEMENT ===
[0;32m[17:27:26][0m   cls2: rand48  |  cls1: div16
[0;32m[17:27:26][0m   P-cores físicos: 8  |  Total CPUs: 32
[0;32m[17:27:26][0m   placement runs = 200 (2× --runs)
[0;32m[17:27:26][0m   [placement] relaxed — resumindo do run 5
[0;32m[17:27:26][0m   [placement] relaxed: 8 cls2(rand48) + 8 cls1(div16) × 200 runs
[0;32m[17:32:27][0m Restaurando governor → performance
[0;32m[17:38:20][0m =========================================================
[0;32m[17:38:21][0m  BATERIA SCHEDULER — kernel: 7.0.0-rc1+
[0;32m[17:38:21][0m  Runs por teste: 100
[0;32m[17:38:21][0m  Output: vanilla
[0;32m[17:38:21][0m  P-cores lógicos: [0,1,2,3,4,5,6,7,8,9,10,11,12,13,14,15]  (8 físicos)
[0;32m[17:38:21][0m  E-cores: [16,17,18,19,20,21,22,23,24,25,26,27,28,29,30,31]
[0;32m[17:38:21][0m  Total CPUs: 32
[0;32m[17:38:21][0m =========================================================
[0;32m[17:38:21][0m === FASE 0: PREFLIGHT ===
[0;32m[17:38:21][0m Topologia detectada: P-cores=[0,1,2,3,4,5,6,7,8,9,10,11,12,13,14,15] E-cores=[16,17,18,19,20,21,22,23,24,25,26,27,28,29,30,31]
[0;32m[17:38:21][0m CPU: Intel(R) Core(TM) i9-14900HX
[0;32m[17:38:21][0m Prioridades ITMT:
[0;32m[17:38:26][0m Fixando CPU governor em 'performance'...
[0;32m[17:38:26][0m Governor: performance → performance
[0;32m[17:38:26][0m Intel turbo: desativado
[0;32m[17:38:26][0m Aquecimento (5s)...
[0;32m[17:38:31][0m Preflight concluído.
[0;32m[17:38:31][0m === FASE 1: PLACEMENT ===
[0;32m[17:38:31][0m   cls2: rand48  |  cls1: div16
[0;32m[17:38:31][0m   P-cores físicos: 8  |  Total CPUs: 32
[0;32m[17:38:31][0m   placement runs = 200 (2× --runs)
[0;32m[17:38:31][0m   [placement] relaxed — resumindo do run 15
[0;32m[17:38:31][0m   [placement] relaxed: 8 cls2(rand48) + 8 cls1(div16) × 200 runs
[0;32m[19:11:39][0m   [placement] relaxed: 200 runs → vanilla/placement/relaxed/
[0;32m[19:11:39][0m   [placement] contention: 8 cls2(rand48) + 24 cls1(div16) × 200 runs
[0;32m[20:51:53][0m   [placement] contention: 200 runs → vanilla/placement/contention/
[0;32m[20:51:53][0m Fase 1 concluída → vanilla/placement/
[0;32m[20:51:53][0m === FASE 2: LATÊNCIA ===
[0;32m[20:51:53][0m   [schbench] baseline — 4 workers, sem contention (run 1)
[0;32m[21:16:54][0m   [schbench] baseline: vanilla/latency/schbench_baseline/percentiles.csv
[0;32m[21:16:54][0m Fase 2 concluída → vanilla/latency/
[0;32m[21:16:54][0m === FASE 3: THROUGHPUT ===
[0;32m[21:16:54][0m   cls2: rand48  |  cls1: div16
[0;32m[21:16:54][0m   P-cores físicos: 8  |  Total CPUs: 32
[0;32m[21:16:54][0m   [throughput] c2_alone: 8 cls2 + 0 cls1, 12s
[0;32m[21:36:56][0m   [throughput] c2_alone → vanilla/throughput/c2_alone/
[0;32m[21:36:56][0m   [throughput] c2_contention: 8 cls2 + 24 cls1, 12s
[0;32m[22:01:58][0m   [throughput] c2_contention → vanilla/throughput/c2_contention/
[0;32m[22:01:58][0m Fase 3 concluída → vanilla/throughput/
[0;32m[22:01:58][0m === RELATÓRIO ===
[0;32m[22:01:58][0m Relatório: vanilla/report.txt
[0;32m[22:01:58][0m =========================================================
[0;32m[22:01:58][0m  BATERIA CONCLUÍDA — resultados em: vanilla
[0;32m[22:01:58][0m =========================================================
[0;32m[22:01:58][0m Restaurando governor → performance
[0;32m[22:01:58][0m Intel turbo restaurado.
