[0;32m[08:32:57][0m =========================================================
[0;32m[08:32:57][0m  BATERIA SCHEDULER — kernel: vanilla_nosmt
[0;32m[08:32:57][0m  Runs por teste: 50
[0;32m[08:32:57][0m  Output: i9/vanilla_nosmt
[0;32m[08:32:57][0m  P-cores lógicos: [0,2,4,6,8,10,12,14]  (8 físicos)
[0;32m[08:32:57][0m  E-cores: [16,17,18,19,20,21,22,23,24,25,26,27,28,29,30,31]
[0;32m[08:32:57][0m  Total CPUs: 32
[0;32m[08:32:57][0m  Sem classificador shadow ativo — nenhuma CPU excluída
[0;32m[08:32:57][0m =========================================================
[0;32m[08:32:57][0m === FASE 0: PREFLIGHT ===
[0;32m[08:33:06][0m =========================================================
[0;32m[08:33:06][0m  BATERIA SCHEDULER — kernel: vanilla_nosmt
[0;32m[08:33:06][0m  Runs por teste: 50
[0;32m[08:33:06][0m  Output: i9/vanilla_nosmt
[0;32m[08:33:06][0m  P-cores lógicos: [0,2,4,6,8,10,12,14]  (8 físicos)
[0;32m[08:33:06][0m  E-cores: [16,17,18,19,20,21,22,23,24,25,26,27,28,29,30,31]
[0;32m[08:33:06][0m  Total CPUs: 32
[0;32m[08:33:06][0m  Sem classificador shadow ativo — nenhuma CPU excluída
[0;32m[08:33:06][0m =========================================================
[0;32m[08:33:06][0m === FASE 0: PREFLIGHT ===
[0;32m[08:33:06][0m Topologia detectada: P-cores=[0,2,4,6,8,10,12,14] E-cores=[16,17,18,19,20,21,22,23,24,25,26,27,28,29,30,31]
[0;32m[08:33:06][0m CPU: Intel(R) Core(TM) i9-14900HX
[0;32m[08:33:06][0m Prioridades ITMT:
[0;32m[08:33:06][0m Fixando CPU governor em 'performance'...
[0;32m[08:33:06][0m Governor: powersave → performance
[0;32m[08:33:06][0m Intel turbo: desativado
[0;32m[08:33:06][0m Aquecimento (5s)...
[0;32m[08:33:11][0m Preflight concluído.
[0;32m[08:33:11][0m === FASE 1: PLACEMENT ===
[0;32m[08:33:11][0m   cls2: rand48  |  cls1: div16
[0;32m[08:33:11][0m   P-cores físicos: 8  |  Total CPUs: 32
[0;32m[08:33:11][0m   placement runs = 100 (2× --runs)
[0;32m[08:33:11][0m   [placement] relaxed: 8 cls2(rand48) + 8 cls1(div16) × 100 runs
[0;32m[09:19:13][0m Restaurando governor → powersave
[0;32m[09:19:13][0m Intel turbo restaurado.
[0;32m[09:19:44][0m =========================================================
[0;32m[09:19:44][0m  BATERIA SCHEDULER — kernel: vanilla_nosmt
[0;32m[09:19:44][0m  Runs por teste: 50
[0;32m[09:19:44][0m  Output: i9/vanilla_nosmt
[0;32m[09:19:44][0m  P-cores lógicos: [0,2,4,6,8,10,12,14]  (8 físicos)
[0;32m[09:19:44][0m  E-cores: [16,17,18,19,20,21,22,23,24,25,26,27,28,29,30,31]
[0;32m[09:19:44][0m  Total CPUs: 32
[0;32m[09:19:44][0m  Sem classificador shadow ativo — nenhuma CPU excluída
[0;32m[09:19:44][0m =========================================================
[0;32m[09:19:44][0m === FASE 0: PREFLIGHT ===
[0;32m[09:19:44][0m Topologia detectada: P-cores=[0,2,4,6,8,10,12,14] E-cores=[16,17,18,19,20,21,22,23,24,25,26,27,28,29,30,31]
[0;32m[09:19:44][0m CPU: Intel(R) Core(TM) i9-14900HX
[0;32m[09:19:44][0m Prioridades ITMT:
[0;32m[09:19:44][0m Fixando CPU governor em 'performance'...
[0;32m[09:19:44][0m Governor: powersave → performance
[0;32m[09:19:44][0m Intel turbo: desativado
[0;32m[09:19:44][0m Aquecimento (5s)...
[0;32m[09:19:49][0m Preflight concluído.
[0;32m[09:19:49][0m === FASE 1: PLACEMENT ===
[0;32m[09:19:49][0m   cls2: rand48  |  cls1: div16
[0;32m[09:19:49][0m   P-cores físicos: 8  |  Total CPUs: 32
[0;32m[09:19:49][0m   placement runs = 100 (2× --runs)
[0;32m[09:19:49][0m   [placement] relaxed — resumindo do run 92
[0;32m[09:19:49][0m   [placement] relaxed: 8 cls2(rand48) + 8 cls1(div16) × 100 runs
[0;32m[09:21:37][0m Restaurando governor → powersave
[0;32m[09:21:37][0m Intel turbo restaurado.
[0;32m[09:21:56][0m =========================================================
[0;32m[09:21:56][0m  BATERIA SCHEDULER — kernel: vanilla_nosmt
[0;32m[09:21:56][0m  Runs por teste: 50
[0;32m[09:21:56][0m  Output: i9/vanilla_nosmt
[0;32m[09:21:56][0m  P-cores lógicos: [0,2,4,6,8,10,12,14]  (8 físicos)
[0;32m[09:21:56][0m  E-cores: [16,17,18,19,20,21,22,23,24,25,26,27,28,29,30,31]
[0;32m[09:21:56][0m  Total CPUs: 32
[0;32m[09:21:56][0m  Sem classificador shadow ativo — nenhuma CPU excluída
[0;32m[09:21:56][0m =========================================================
[0;32m[09:21:56][0m === FASE 0: PREFLIGHT ===
[0;32m[09:21:56][0m Topologia detectada: P-cores=[0,2,4,6,8,10,12,14] E-cores=[16,17,18,19,20,21,22,23,24,25,26,27,28,29,30,31]
[0;32m[09:21:56][0m CPU: Intel(R) Core(TM) i9-14900HX
[0;32m[09:21:56][0m Prioridades ITMT:
[0;32m[09:21:56][0m Fixando CPU governor em 'performance'...
[0;32m[09:21:56][0m Governor: powersave → performance
[0;32m[09:21:56][0m Intel turbo: desativado
[0;32m[09:21:56][0m Aquecimento (5s)...
[0;32m[09:22:01][0m Preflight concluído.
[0;32m[09:22:01][0m === FASE 1: PLACEMENT ===
[0;32m[09:22:01][0m   cls2: rand48  |  cls1: div16
[0;32m[09:22:01][0m   P-cores físicos: 8  |  Total CPUs: 32
[0;32m[09:22:01][0m   placement runs = 100 (2× --runs)
[0;32m[09:22:01][0m   [placement] relaxed — resumindo do run 95
[0;32m[09:22:01][0m   [placement] relaxed: 8 cls2(rand48) + 8 cls1(div16) × 100 runs
[0;32m[09:22:32][0m   [placement] relaxed: 100 runs → i9/vanilla_nosmt/placement/relaxed/
[0;32m[09:22:32][0m   [placement] contention: 8 cls2(rand48) + 24 cls1(div16) × 100 runs
[0;32m[09:30:58][0m   [placement] contention: 100 runs → i9/vanilla_nosmt/placement/contention/
[0;32m[09:30:58][0m Fase 1 concluída → i9/vanilla_nosmt/placement/
[0;32m[09:30:58][0m   [skip] throughput
[0;32m[09:30:58][0m   [skip] report
[0;32m[09:30:58][0m =========================================================
[0;32m[09:30:58][0m  BATERIA CONCLUÍDA — resultados em: i9/vanilla_nosmt
[0;32m[09:30:58][0m =========================================================
[0;32m[09:30:58][0m Restaurando governor → powersave
[0;32m[09:30:58][0m Intel turbo restaurado.
