[0;32m[10:00:02][0m =========================================================
[0;32m[10:00:02][0m  BATERIA SCHEDULER — kernel: 7.0.0-rc1+
[0;32m[10:00:02][0m  Runs por teste: 50
[0;32m[10:00:02][0m  Output: ./results/7.0.0-rc1+
[0;32m[10:00:02][0m  P-cores: [0,1,2,3,4,5,6,7,8,9,10,11,12,13,14,15]  E-cores: [16,17,18,19,20,21,22,23,24,25,26,27,28,29,30,31]
[0;32m[10:00:02][0m =========================================================
[0;32m[10:00:02][0m === FASE 0: PREFLIGHT ===
[0;32m[10:00:02][0m Topologia detectada: P-cores=[0,1,2,3,4,5,6,7,8,9,10,11,12,13,14,15] E-cores=[16,17,18,19,20,21,22,23,24,25,26,27,28,29,30,31]
[0;32m[10:00:02][0m CPU detectada: Intel(R) Core(TM) i9-14900HX
[0;32m[10:00:02][0m Verificando topologia híbrida...
[0;32m[10:00:02][0m Prioridades ITMT:
[0;32m[10:00:04][0m Fixando CPU governor em 'performance' para isolamento...
[0;32m[10:00:04][0m Governor: powersave → performance
[0;32m[10:00:04][0m Intel turbo: DESATIVADO para isolamento (restaurado ao final)
[0;32m[10:00:04][0m Aquecimento do sistema (5s)...
[0;32m[10:00:10][0m Preflight concluído. Sistema isolado e pronto.
[0;32m[10:00:10][0m === FASE 1: PLACEMENT ===
[0;32m[10:00:10][0m   cls2: rand48  |  cls1: div16
[0;32m[10:00:10][0m   placement runs = 100 (2× --runs)
[0;32m[10:00:10][0m   [placement] relaxed: 8 cls2(rand48) + 8 cls1(div16) × 100 runs
[0;32m[10:50:14][0m   [placement] relaxed: 100 runs → ./results/7.0.0-rc1+/placement/relaxed/
[0;32m[10:50:14][0m   [placement] contention: 8 cls2(rand48) + 24 cls1(div16) × 100 runs
[0;32m[11:40:21][0m   [placement] contention: 100 runs → ./results/7.0.0-rc1+/placement/contention/
[0;32m[11:40:21][0m Fase 1 concluída → ./results/7.0.0-rc1+/placement/
[0;32m[11:40:21][0m   [skip] latency
[0;32m[11:40:21][0m === FASE 3: THROUGHPUT + ENERGIA ===
[0;32m[11:40:21][0m   cls2: rand48  |  cls1: div16
[0;32m[11:40:21][0m   [throughput] c2_alone: 8 cls2 + 0 cls1, 12s
[0;32m[11:50:23][0m   [throughput] c2_alone → ./results/7.0.0-rc1+/throughput/c2_alone/
[0;32m[11:50:23][0m   [throughput] c2_bg24: 8 cls2 + 24 cls1, 12s
[0;32m[12:02:54][0m   [throughput] c2_bg24 → ./results/7.0.0-rc1+/throughput/c2_bg24/
[0;32m[12:02:54][0m Fase 3 concluída → ./results/7.0.0-rc1+/throughput/
[0;32m[12:02:54][0m   [skip] report
[0;32m[12:02:54][0m =========================================================
[0;32m[12:02:54][0m  BATERIA CONCLUÍDA — resultados em: ./results/7.0.0-rc1+
[0;32m[12:02:54][0m =========================================================
[0;32m[12:02:54][0m Restaurando governor: performance → powersave
[0;32m[12:02:54][0m Intel turbo restaurado.
[0;32m[16:03:02][0m =========================================================
[0;32m[16:03:02][0m  BATERIA SCHEDULER — kernel: 7.0.0-rc1+
[0;32m[16:03:02][0m  Runs por teste: 50
[0;32m[16:03:02][0m  Output: ./results/7.0.0-rc1+
[0;32m[16:03:02][0m  P-cores: [0,1,2,3,4,5,6,7,8,9,10,11,12,13,14,15]  E-cores: [16,17,18,19,20,21,22,23,24,25,26,27,28,29,30,31]
[0;32m[16:03:02][0m =========================================================
[0;32m[16:03:02][0m === FASE 0: PREFLIGHT ===
[0;32m[16:03:02][0m Topologia detectada: P-cores=[0,1,2,3,4,5,6,7,8,9,10,11,12,13,14,15] E-cores=[16,17,18,19,20,21,22,23,24,25,26,27,28,29,30,31]
[0;32m[16:03:02][0m CPU detectada: Intel(R) Core(TM) i9-14900HX
[0;32m[16:03:02][0m Verificando topologia híbrida...
[0;32m[16:03:02][0m Prioridades ITMT:
[0;32m[16:03:04][0m Fixando CPU governor em 'performance' para isolamento...
[0;32m[16:03:04][0m Governor: powersave → performance
[0;32m[16:03:04][0m Intel turbo: DESATIVADO para isolamento (restaurado ao final)
[0;32m[16:03:04][0m Aquecimento do sistema (5s)...
[0;32m[16:03:09][0m Preflight concluído. Sistema isolado e pronto.
[0;32m[16:03:09][0m === FASE 1: PLACEMENT ===
[0;32m[16:03:09][0m   cls2: rand48  |  cls1: div16
[0;32m[16:03:09][0m   placement runs = 100 (2× --runs)
[0;32m[16:03:09][0m   [placement] relaxed — já completo (100 runs), pulando
[0;32m[16:03:09][0m   [placement] contention — já completo (100 runs), pulando
[0;32m[16:03:09][0m Fase 1 concluída → ./results/7.0.0-rc1+/placement/
[0;32m[16:03:09][0m   [skip] latency
[0;32m[16:03:09][0m === FASE 3: THROUGHPUT + ENERGIA ===
[0;32m[16:03:09][0m   cls2: rand48  |  cls1: div16
[0;32m[16:03:09][0m   [throughput] c2_alone — já completo, pulando
[0;32m[16:03:09][0m   [throughput] c2_bg24 — já completo, pulando
[0;32m[16:03:09][0m Fase 3 concluída → ./results/7.0.0-rc1+/throughput/
[0;32m[16:03:09][0m   [skip] report
[0;32m[16:03:09][0m =========================================================
[0;32m[16:03:09][0m  BATERIA CONCLUÍDA — resultados em: ./results/7.0.0-rc1+
[0;32m[16:03:09][0m =========================================================
[0;32m[16:03:09][0m Restaurando governor: performance → powersave
[0;32m[16:03:09][0m Intel turbo restaurado.
